// Jest Snapshot v1, https://goo.gl/fbAQLP

exports[`<Home /> match snapshot 1`] = `
Array [
  .c0 {
  display: -webkit-box;
  display: -webkit-flex;
  display: -ms-flexbox;
  display: flex;
  -webkit-flex-direction: row;
  -ms-flex-direction: row;
  flex-direction: row;
  border-bottom: 1px solid lightgrey;
  margin: 0 0 20px 0;
}

.c1 {
  margin: 0 0 10px 0;
  text-align: left;
}

.c3 {
  text-transform: uppercase;
}

.c2 {
  margin: 0px 15px 0;
  height: 35px;
  width: 1px;
  background-color: lightgrey;
}

@media only screen and (min-width:768px) {

}

@media only screen and (min-width:1024px) {

}

<div
    className="c0"
  >
    <h1
      className="c1"
    >
      TOP_NEWS_TITLE
    </h1>
    <div
      className="c2"
    />
    <h1
      className="c1 c3"
    >
      gb
    </h1>
  </div>,
  .c0 {
  display: -webkit-box;
  display: -webkit-flex;
  display: -ms-flexbox;
  display: flex;
  -webkit-flex-wrap: wrap;
  -ms-flex-wrap: wrap;
  flex-wrap: wrap;
  -webkit-box-pack: center;
  -webkit-justify-content: center;
  -ms-flex-pack: center;
  justify-content: center;
}

.c1 {
  max-width: 500px;
  width: 100%;
}

.c2 {
  background-color: lightgrey;
  position: relative;
  overflow: hidden;
  height: 100px;
  width: 100%;
}

.c2::before {
  content: '';
  display: block;
  position: absolute;
  left: -150px;
  top: 0;
  height: 100%;
  width: 150px;
  background: linear-gradient(to right,transparent 0%,#e8e8e8 50%,transparent 100%);
  -webkit-animation: load 2s cubic-bezier(0.4,0,0.2,1) infinite;
  animation: load 2s cubic-bezier(0.4,0,0.2,1) infinite;
}

.c3 {
  height: 20px;
  margin-bottom: 10px;
}

.c4 {
  height: 200px;
  margin-bottom: 10px;
}

.c5 {
  height: 40px;
  margin-bottom: 40px;
}

@media only screen and (min-width:768px) {
  .c1 {
    max-width: 300px;
    margin: 20px 5px 20px 20px;
  }
}

@media only screen and (min-width:1024px) {
  .c1 {
    max-width: 350px;
  }
}

<div
    className="c0"
  >
    <div
      className="c1"
    >
      <div
        className="c2 c3"
      />
      <div
        className="c2 c3"
      />
      <div
        className="c2 c3"
        style={
          Object {
            "width": "100px",
          }
        }
      />
      <div
        className="c2 c4"
      />
      <div
        className="c2 c5"
      />
    </div>
    <div
      className="c1"
    >
      <div
        className="c2 c3"
      />
      <div
        className="c2 c3"
      />
      <div
        className="c2 c3"
        style={
          Object {
            "width": "100px",
          }
        }
      />
      <div
        className="c2 c4"
      />
      <div
        className="c2 c5"
      />
    </div>
    <div
      className="c1"
    >
      <div
        className="c2 c3"
      />
      <div
        className="c2 c3"
      />
      <div
        className="c2 c3"
        style={
          Object {
            "width": "100px",
          }
        }
      />
      <div
        className="c2 c4"
      />
      <div
        className="c2 c5"
      />
    </div>
    <div
      className="c1"
    >
      <div
        className="c2 c3"
      />
      <div
        className="c2 c3"
      />
      <div
        className="c2 c3"
        style={
          Object {
            "width": "100px",
          }
        }
      />
      <div
        className="c2 c4"
      />
      <div
        className="c2 c5"
      />
    </div>
    <div
      className="c1"
    >
      <div
        className="c2 c3"
      />
      <div
        className="c2 c3"
      />
      <div
        className="c2 c3"
        style={
          Object {
            "width": "100px",
          }
        }
      />
      <div
        className="c2 c4"
      />
      <div
        className="c2 c5"
      />
    </div>
    <div
      className="c1"
    >
      <div
        className="c2 c3"
      />
      <div
        className="c2 c3"
      />
      <div
        className="c2 c3"
        style={
          Object {
            "width": "100px",
          }
        }
      />
      <div
        className="c2 c4"
      />
      <div
        className="c2 c5"
      />
    </div>
  </div>,
]
`;
