// Jest Snapshot v1, https://goo.gl/fbAQLP

exports[`<Categories /> match snapshot 1`] = `
.c4 {
  margin: 0 0 10px 0;
  text-align: left;
}

.c5 {
  text-transform: uppercase;
}

.c3 {
  margin: 0px 15px 0;
  height: 35px;
  width: 1px;
  background-color: lightgrey;
}

.c12 {
  max-with: 1340px;
  width: 100%;
  display: grid;
}

.c7 {
  display: -webkit-box;
  display: -webkit-flex;
  display: -ms-flexbox;
  display: flex;
  -webkit-flex-direction: row;
  -ms-flex-direction: row;
  flex-direction: row;
}

.c7 > a {
  -webkit-text-decoration: none;
  text-decoration: none;
  color: darkslategrey;
}

.c7 > a:hover {
  color: grey;
}

.c9 {
  margin-right: 20px;
  text-transform: capitalize;
}

.c8 {
  height: 10px;
  width: 10px;
  margin-right: 20px;
  background-color: lightgray;
  -webkit-align-self: center;
  -ms-flex-item-align: center;
  align-self: center;
}

.c11 {
  display: -webkit-box;
  display: -webkit-flex;
  display: -ms-flexbox;
  display: flex;
  height: 0;
  -webkit-transition-property: all;
  transition-property: all;
  -webkit-transition-duration: 0.5s;
  transition-duration: 0.5s;
  -webkit-transition-timing-function: cubic-bezier(0,1,1,1);
  transition-timing-function: cubic-bezier(0,1,1,1);
}

.c10 {
  height: 20px;
  -webkit-align-self: center;
  -ms-flex-item-align: center;
  align-self: center;
  cursor: pointer;
}

.c0 {
  text-align: left;
}

.c1 {
  display: -webkit-box;
  display: -webkit-flex;
  display: -ms-flexbox;
  display: flex;
  -webkit-flex-direction: row;
  -ms-flex-direction: row;
  flex-direction: row;
  border-bottom: 1px solid lightgrey;
}

.c2 {
  margin: 0 0 15px 0;
  text-align: left;
}

.c6 {
  margin: 20px 0 0 20px;
}

<div
  className="c0"
>
  <div
    className="c1"
  >
    <h1
      className="c2"
    >
      TOP_NEWS_TITLE
    </h1>
    <div
      className="c3"
    />
    <h1
      className="c4 c5"
    >
      gb
    </h1>
    <div
      className="c3"
    />
    <h1
      className="c2"
    >
      CATEGORIES
    </h1>
  </div>
  <div
    className="c6"
  >
    <div
      className="c7"
    >
      <div
        className="c8"
      />
      <a
        href="/categories/business"
        onClick={[Function]}
      >
        <h2
          className="c9"
        >
          BUSINESS
        </h2>
      </a>
      <img
        className="c10"
        onClick={[Function]}
        src="down-arrow.svg"
      />
    </div>
    <div
      className="c11"
    >
      <div
        className="c12"
      />
    </div>
    <div
      className="c7"
    >
      <div
        className="c8"
      />
      <a
        href="/categories/entertainment"
        onClick={[Function]}
      >
        <h2
          className="c9"
        >
          ENTERTAINMENT
        </h2>
      </a>
      <img
        className="c10"
        onClick={[Function]}
        src="down-arrow.svg"
      />
    </div>
    <div
      className="c11"
    >
      <div
        className="c12"
      />
    </div>
    <div
      className="c7"
    >
      <div
        className="c8"
      />
      <a
        href="/categories/general"
        onClick={[Function]}
      >
        <h2
          className="c9"
        >
          GENERAL
        </h2>
      </a>
      <img
        className="c10"
        onClick={[Function]}
        src="down-arrow.svg"
      />
    </div>
    <div
      className="c11"
    >
      <div
        className="c12"
      />
    </div>
    <div
      className="c7"
    >
      <div
        className="c8"
      />
      <a
        href="/categories/health"
        onClick={[Function]}
      >
        <h2
          className="c9"
        >
          HEALTH
        </h2>
      </a>
      <img
        className="c10"
        onClick={[Function]}
        src="down-arrow.svg"
      />
    </div>
    <div
      className="c11"
    >
      <div
        className="c12"
      />
    </div>
    <div
      className="c7"
    >
      <div
        className="c8"
      />
      <a
        href="/categories/science"
        onClick={[Function]}
      >
        <h2
          className="c9"
        >
          SCIENCE
        </h2>
      </a>
      <img
        className="c10"
        onClick={[Function]}
        src="down-arrow.svg"
      />
    </div>
    <div
      className="c11"
    >
      <div
        className="c12"
      />
    </div>
    <div
      className="c7"
    >
      <div
        className="c8"
      />
      <a
        href="/categories/sports"
        onClick={[Function]}
      >
        <h2
          className="c9"
        >
          SPORTS
        </h2>
      </a>
      <img
        className="c10"
        onClick={[Function]}
        src="down-arrow.svg"
      />
    </div>
    <div
      className="c11"
    >
      <div
        className="c12"
      />
    </div>
    <div
      className="c7"
    >
      <div
        className="c8"
      />
      <a
        href="/categories/technology"
        onClick={[Function]}
      >
        <h2
          className="c9"
        >
          TECHNOLOGY
        </h2>
      </a>
      <img
        className="c10"
        onClick={[Function]}
        src="down-arrow.svg"
      />
    </div>
    <div
      className="c11"
    >
      <div
        className="c12"
      />
    </div>
  </div>
</div>
`;
