// Jest Snapshot v1, https://goo.gl/fbAQLP

exports[`<Header /> match snapshot 1`] = `
.c2 {
  padding: 0 20px;
}

.c3 {
  -webkit-text-decoration: none;
  text-decoration: none;
  font-size: large;
  color: darkslategrey;
}

.c3:hover {
  color: grey;
}

.c3.active {
  color: darkcyan;
}

.c1 {
  list-style-type: none;
  display: -webkit-box;
  display: -webkit-flex;
  display: -ms-flexbox;
  display: flex;
  -webkit-flex: 1;
  -ms-flex: 1;
  flex: 1;
  -webkit-flex-direction: row;
  -ms-flex-direction: row;
  flex-direction: row;
  padding: 0;
  margin: 0;
}

.c0 {
  display: -webkit-box;
  display: -webkit-flex;
  display: -ms-flexbox;
  display: flex;
  -webkit-flex-direction: row;
  -ms-flex-direction: row;
  flex-direction: row;
  -webkit-align-items: center;
  -webkit-box-align: center;
  -ms-flex-align: center;
  align-items: center;
  border-bottom: 1px solid lightgrey;
  position: relative;
  width: 100%;
  height: 60px;
  background-color: white;
}

.c4 {
  display: -webkit-box;
  display: -webkit-flex;
  display: -ms-flexbox;
  display: flex;
  -webkit-flex-direction: row;
  -ms-flex-direction: row;
  flex-direction: row;
  -webkit-box-pack: end;
  -webkit-justify-content: flex-end;
  -ms-flex-pack: end;
  justify-content: flex-end;
  cursor: pointer;
}

.c4 p:nth-child(2) {
  cursor: auto;
}

.c4 p:nth-child(2):hover {
  color: darkslategrey;
}

.c4 p:nth-child(3) {
  margin-right: 20px;
}

.c5 {
  font-size: 14px;
  margin: 0 5px;
  color: darkslategrey;
}

.c5:hover {
  color: grey;
}

<div
  className="c0"
>
  <ul
    className="c1"
  >
    <li
      className="c2"
    >
      <a
        aria-current="page"
        className="c3 active"
        href="/"
        onClick={[Function]}
        style={Object {}}
      >
        Top News
      </a>
    </li>
    <li
      className="c2"
    >
      <a
        aria-current={null}
        className="c3"
        href="/categories"
        onClick={[Function]}
      >
        Categories
      </a>
    </li>
    <li
      className="c2"
    >
      <a
        aria-current={null}
        className="c3"
        href="/search"
        onClick={[Function]}
      >
        Search
      </a>
    </li>
  </ul>
  <div
    className="c4"
  >
    <p
      className="c5"
      onClick={[Function]}
    >
      GB
    </p>
    <p
      className="c5"
    >
      |
    </p>
    <p
      className="c5"
      onClick={[Function]}
    >
      US
    </p>
  </div>
</div>
`;
